cargo :    Compiling antarcticom-server v0.1.0 
(C:\Users\koray\Desktop\Newcord\server)
In Zeile:1 Zeichen:1
+ cargo check 2> errors.txt; $content = Get-Content 
errors.txt -Raw; $l ...
+ ~~~~~~~~~~~~~~~~~~~~~~~~~
    + CategoryInfo          : NotSpecified: (   Compili 
   ng an...Newcord\server):String) [], RemoteException
    + FullyQualifiedErrorId : NativeCommandError
 
warning: antarcticom-server@0.1.0: Skipping protobuf 
compilation: Could not find `protoc`. If `protoc` is 
installed, try setting the `PROTOC` environment 
variable to the path of the `protoc` binary. Try 
installing `protobuf-compiler` or `protobuf` using your 
package manager. It is also available at 
https://github.com/protocolbuffers/protobuf/releases  
For more information: 
https://docs.rs/prost-build/#sourcing-protoc
warning: antarcticom-server@0.1.0: Install protoc if 
you need proto support.
error[E0433]: failed to resolve: could not find `bans` 
in `db`
   --> src\api.rs:864:9
    |
864 |     db::bans::create(&state.db, server_id, 
user_id, req.reason.as_deref()).await?;
    |         ^^^^ could not find `bans` in `db`

error[E0433]: failed to resolve: could not find `bans` 
in `db`
   --> src\api.rs:886:23
    |
886 |     let deleted = db::bans::delete(&state.db, 
server_id, user_id).await?;
    |                       ^^^^ could not find `bans` 
in `db`

warning: unused variable: `channel`
    --> src\api.rs:1021:9
     |
1021 |     let channel = 
db::channels::list_for_server(&state.db, 
message.channel_id) // hacky way to find channel 
without find_by_id, wait, let...
     |         ^^^^^^^ help: if this is intentional, 
prefix it with an underscore: `_channel`
     |
     = note: `#[warn(unused_variables)]` (part of 
`#[warn(unused)]`) on by default

For more information about this error, try `rustc 
--explain E0433`.
warning: `antarcticom-server` (bin 
"antarcticom-server") generated 1 warning
warning: antarcticom-server@0.1.0: Skipping protobuf 
compilation: Could not find `protoc`. If `protoc` is 
installed, try setting the `PROTOC` environment 
variable to the path of the `protoc` binary. Try 
installing `protobuf-compiler` or `protobuf` using your 
package manager. It is also available at 
https://github.com/protocolbuffers/protobuf/releases  
For more information: 
https://docs.rs/prost-build/#sourcing-protoc
warning: antarcticom-server@0.1.0: Install protoc if 
you need proto support.
error: could not compile `antarcticom-server` (bin 
"antarcticom-server") due to 2 previous errors; 1 
warning emitted
